Microchip MPLAB XC8 Compiler V1.36 ()

Linker command line:

-W-3 --edf=C:\Program Files (x86)\Microchip\xc8\v1.36\dat\en_msgs.txt -cs \
  -h+dist/default/production\LAB4.X.production.sym \
  --cmf=dist/default/production\LAB4.X.production.cmf -z -Q18F4550 \
  -oC:\Users\Liliana\AppData\Local\Temp\s4rk.2 \
  -Mdist/default/production/LAB4.X.production.map -E1 -ver=XC8 \
  -ASTACK=0DFh-07ffh -pstack=STACK -ACODE=00h-07FFFh -ACONST=00h-07FFFh \
  -ASMALLCONST=0800h-08FFhx120 -AMEDIUMCONST=0800h-07FFFh -ACOMRAM=01h-05Fh \
  -AABS1=00h-07FFh -ABIGRAM=01h-07FFh -ARAM=060h-0FFh,0100h-01FFhx7 \
  -ABANK0=060h-0FFh -ABANK1=0100h-01FFh -ABANK2=0200h-02FFh \
  -ABANK3=0300h-03FFh -ABANK4=0400h-04FFh -ABANK5=0500h-05FFh \
  -ABANK6=0600h-06FFh -ABANK7=0700h-07FFh -ASFR=0F60h-0FFFh \
  -preset_vec=00h,intcode=08h,intcodelo,powerup,init,end_init \
  -pramtop=0800h -psmallconst=SMALLCONST -pmediumconst=MEDIUMCONST \
  -pconst=CONST -AFARRAM=00h-00h -ACONFIG=0300000h-030000Dh -pconfig=CONFIG \
  -AIDLOC=0200000h-0200007h -pidloc=IDLOC -AEEDATA=0F00000h-0F000FFh \
  -peeprom_data=EEDATA \
  -prdata=COMRAM,nvrram=COMRAM,nvbit=COMRAM,rbss=COMRAM,rbit=COMRAM \
  -pfarbss=FARRAM,fardata=FARRAM,nvFARRAM=FARRAM \
  -pintsave_regs=BIGRAM,bigbss=BIGRAM,bigdata=BIGRAM -pbss=RAM \
  -pidata=CODE,irdata=CODE,ibigdata=CODE,ifardata=CODE -prparam=COMRAM \
  C:\Users\Liliana\AppData\Local\Temp\s4rk.obj \
  dist/default/production\LAB4.X.production.obj 

Object code version is 3.11

Machine type is 18F4550

Call graph: (short form)




                Name                               Link     Load   Length Selector   Space Scale
C:\Users\Liliana\AppData\Local\Temp\s4rk.obj
                end_init                             16       16        4        4       0
                reset_vec                             0        0        4        0       0
                idloc                            200000   200000        8   200000       0
                config                           300000   300000        E   300000       0
dist/default/production\LAB4.X.production.obj
                intcode                               8        8        E        4       0
                temp                                 51       51        1        1       1
                smallconst                          800      800       E2      400       0
                intcode_body                       2028     2028      15A      471       0
                text35                             2E00     2E00       10      471       0
                text34                             2DF0     2DF0       10      471       0
                text33                             2DE0     2DE0       10      471       0
                text32                             2858     2858       AE      471       0
                text31                             2B22     2B22       5C      471       0
                text30                             2CD0     2CD0       38      471       0
                text29                             26A0     26A0       E6      471       0
                text28                             2D7E     2D7E       24      471       0
                text27                             1CDA     1CDA      1AC      471       0
                text26                             2C20     2C20       40      471       0
                text25                             24BA     24BA       F4      471       0
                text24                             2D58     2D58       26      471       0
                text23                             2786     2786       D2      471       0
                text22                             2AAA     2AAA       78      471       0
                text21                             2996     2996       90      471       0
                text20                             23C6     23C6       F4      471       0
                text19                             2906     2906       90      471       0
                text18                             25AE     25AE       F2      471       0
                text17                             22B2     22B2      114      471       0
                text16                             18C4     18C4      214      471       0
                text15                             2182     2182      130      471       0
                text14                             1E86     1E86      1A2      471       0
                text13                             1216     1216      392      471       0
                text12                             2D32     2D32       26      471       0
                text11                             2DA2     2DA2       20      471       0
                text10                             2E1A     2E1A        8      471       0
                text9                              2C98     2C98       38      471       0
                text8                              2DC2     2DC2       1E      471       0
                text7                              2D08     2D08       2A      471       0
                text6                              1AD8     1AD8      202      471       0
                text5                              2C60     2C60       38      471       0
                text4                              2E10     2E10        A      471       0
                text3                              15A8     15A8      31C      471       0
                text2                              2A26     2A26       84      471       0
                text1                               DD6      DD6      440      471       0
                text0                               8E2      8E2      4F4      471       0
                cstackCOMRAM                          1        1       42        1       1
                cstackBANK0                          A8       A8       37       60       1
                dataBANK0                            60       60       48       60       1
                dataCOMRAM                           4D       4D        4        1       1
                bssCOMRAM                            43       43        A        1       1
                cinit                              2B7E     2B7E       5A      471       0
                idataBANK0                         2BD8     2BD8       48      471       0
                idataCOMRAM                        2E22     2E22        4      471       0

TOTAL           Name                               Link     Load   Length     Space
        CLASS   STACK          

        CLASS   CODE           
                end_init                             16       16        4         0
                intcode                               8        8        E         0
                reset_vec                             0        0        4         0
                intcode_body                       2028     2028      15A         0
                text35                             2E00     2E00       10         0
                text34                             2DF0     2DF0       10         0
                text33                             2DE0     2DE0       10         0
                text32                             2858     2858       AE         0
                text31                             2B22     2B22       5C         0
                text30                             2CD0     2CD0       38         0
                text29                             26A0     26A0       E6         0
                text28                             2D7E     2D7E       24         0
                text27                             1CDA     1CDA      1AC         0
                text26                             2C20     2C20       40         0
                text25                             24BA     24BA       F4         0
                text24                             2D58     2D58       26         0
                text23                             2786     2786       D2         0
                text22                             2AAA     2AAA       78         0
                text21                             2996     2996       90         0
                text20                             23C6     23C6       F4         0
                text19                             2906     2906       90         0
                text18                             25AE     25AE       F2         0
                text17                             22B2     22B2      114         0
                text16                             18C4     18C4      214         0
                text15                             2182     2182      130         0
                text14                             1E86     1E86      1A2         0
                text13                             1216     1216      392         0
                text12                             2D32     2D32       26         0
                text11                             2DA2     2DA2       20         0
                text10                             2E1A     2E1A        8         0
                text9                              2C98     2C98       38         0
                text8                              2DC2     2DC2       1E         0
                text7                              2D08     2D08       2A         0
                text6                              1AD8     1AD8      202         0
                text5                              2C60     2C60       38         0
                text4                              2E10     2E10        A         0
                text3                              15A8     15A8      31C         0
                text2                              2A26     2A26       84         0
                text1                               DD6      DD6      440         0
                text0                               8E2      8E2      4F4         0
                cinit                              2B7E     2B7E       5A         0
                idataBANK0                         2BD8     2BD8       48         0
                idataCOMRAM                        2E22     2E22        4         0

        CLASS   CONST          

        CLASS   SMALLCONST     
                smallconst                          800      800       E2         0

        CLASS   MEDIUMCONST    

        CLASS   COMRAM         
                temp                                 51       51        1         1
                cstackCOMRAM                          1        1       42         1
                dataCOMRAM                           4D       4D        4         1
                bssCOMRAM                            43       43        A         1

        CLASS   ABS1           

        CLASS   BIGRAM         

        CLASS   RAM            

        CLASS   BANK0          
                cstackBANK0                          A8       A8       37         1
                dataBANK0                            60       60       48         1

        CLASS   BANK1          

        CLASS   BANK2          

        CLASS   BANK3          

        CLASS   BANK4          

        CLASS   BANK5          

        CLASS   BANK6          

        CLASS   BANK7          

        CLASS   SFR            

        CLASS   FARRAM         

        CLASS   CONFIG         
                config                           300000   300000        E         0

        CLASS   IDLOC          
                idloc                            200000   200000        8         0

        CLASS   EEDATA         



SEGMENTS        Name                           Load    Length   Top    Selector   Space  Class

                reset_vec                      000000  000004  000004         0       0  CODE    
                cstackCOMRAM                   000001  000051  000052         1       1  COMRAM  
                intcode                        000008  000012  00001A         4       0  CODE    
                dataBANK0                      000060  00007F  0000DF        60       1  BANK0   
                smallconst                     000800  0000E2  0008E2       400       0  SMALLCON
                text0                          0008E2  002544  002E26       471       0  CODE    
                idloc                          200000  000008  200008    200000       0  IDLOC   
                config                         300000  00000E  30000E    300000       0  CONFIG  


UNUSED ADDRESS RANGES

        Name                Unused          Largest block    Delta
        BANK0            0000DF-0000FF               21
        BANK1            000100-0001FF              100
        BANK2            000200-0002FF              100
        BANK3            000300-0003FF              100
        BANK4            000400-0004FF              100
        BANK5            000500-0005FF              100
        BANK6            000600-0006FF              100
        BANK7            000700-0007FF              100
        BIGRAM           000052-00005F                E
                         0000DF-0007FF              721
        CODE             000004-000007                4
                         00001A-0007FF              7E6
                         002E26-007FFF             51DA
        COMRAM           000052-00005F                E
        CONST            000004-000007                4
                         00001A-0007FF              7E6
                         002E26-007FFF             51DA
        EEDATA           F00000-F000FF              100
        MEDIUMCONST      002E26-007FFF             51DA
        RAM              0000DF-0007FF              100
        SFR              000F60-000FFF               A0
        SMALLCONST       002E26-007FFF              100
        STACK            0000DF-0007FF              721

                                  Symbol Table

?___altoft                    cstackCOMRAM 000039
?___awdiv                     cstackCOMRAM 00000F
?___awtoft                    cstackCOMRAM 000017
?___ftadd                     cstackCOMRAM 00002A
?___ftdiv                     cstackCOMRAM 00001B
?___ftmul                     cstackCOMRAM 00001B
?___ftneg                     cstackCOMRAM 00000F
?___ftpack                    cstackCOMRAM 00000F
?___ftsub                     cstackCOMRAM 000036
?___fttol                     cstackCOMRAM 00002A
?___lltoft                    cstackCOMRAM 000017
?___wmul                      cstackCOMRAM 00000F
?_eval_poly                   cstackCOMRAM 000036
?_exp                         cstackBANK0  0000B0
?_floor                       cstackBANK0  0000A8
?_frexp                       cstackCOMRAM 00000F
?_ldexp                       cstackBANK0  0000A8
?_log                         cstackBANK0  0000A8
?_pow                         cstackBANK0  0000B9
Delay100TCYx@unit             cstackCOMRAM 00000F
Delay10TCYx@unit              cstackCOMRAM 00000F
Delay1KTCYx@unit              cstackCOMRAM 00000F
Delay1TCYx@unit               cstackCOMRAM 00000F
_ADCON1                       (abs)        000FC1
_CARRY                        (abs)        007EC0
_Delay100TCYx                 text35       002E00
_Delay10TCYx                  text34       002DF0
_Delay1KTCYx                  text33       002DE0
_Delay1TCYx                   text4        002E10
_EEADR                        (abs)        000FA9
_EECON2                       (abs)        000FA7
_EEDATA                       (abs)        000FA8
_GIE                          (abs)        007F97
_INTCON2bits                  (abs)        000FF1
_INTCONbits                   (abs)        000FF2
_ISR                          intcode      000008
_LATA                         (abs)        000F89
_LATB                         (abs)        000F8A
_LATC                         (abs)        000F8B
_LATD                         (abs)        000F8C
_LATEbits                     (abs)        000F8D
_OSCCONbits                   (abs)        000FD3
_PIE2                         (abs)        000FA0
_PIR2                         (abs)        000FA1
_PORTA                        (abs)        000F80
_PORTB                        (abs)        000F81
_PORTC                        (abs)        000F82
_PORTE                        (abs)        000F84
_RB4                          (abs)        007C0C
_RB5                          (abs)        007C0D
_RB6                          (abs)        007C0E
_RB7                          (abs)        007C0F
_RD                           (abs)        007D30
_TRISA                        (abs)        000F92
_TRISB                        (abs)        000F93
_TRISC                        (abs)        000F94
_TRISD                        (abs)        000F95
_TRISE                        (abs)        000F96
_TRISEbits                    (abs)        000F96
_WR                           (abs)        007D31
_WREN                         (abs)        007D32
__CFG_BOR$ON                  (abs)        000000
__CFG_BORV$3                  (abs)        000000
__CFG_CCP2MX$OFF              (abs)        000000
__CFG_CP0$OFF                 (abs)        000000
__CFG_CP1$OFF                 (abs)        000000
__CFG_CP2$OFF                 (abs)        000000
__CFG_CP3$OFF                 (abs)        000000
__CFG_CPB$OFF                 (abs)        000000
__CFG_CPD$OFF                 (abs)        000000
__CFG_CPUDIV$OSC1_PLL2        (abs)        000000
__CFG_EBTR0$OFF               (abs)        000000
__CFG_EBTR1$OFF               (abs)        000000
__CFG_EBTR2$OFF               (abs)        000000
__CFG_EBTR3$OFF               (abs)        000000
__CFG_EBTRB$OFF               (abs)        000000
__CFG_FCMEN$OFF               (abs)        000000
__CFG_FOSC$INTOSCIO_EC        (abs)        000000
__CFG_ICPRT$OFF               (abs)        000000
__CFG_IESO$OFF                (abs)        000000
__CFG_LPT1OSC$OFF             (abs)        000000
__CFG_LVP$OFF                 (abs)        000000
__CFG_MCLRE$ON                (abs)        000000
__CFG_PBADEN$OFF              (abs)        000000
__CFG_PLLDIV$1                (abs)        000000
__CFG_PWRT$OFF                (abs)        000000
__CFG_STVREN$ON               (abs)        000000
__CFG_USBDIV$1                (abs)        000000
__CFG_VREGEN$OFF              (abs)        000000
__CFG_WDT$OFF                 (abs)        000000
__CFG_WDTPS$32768             (abs)        000000
__CFG_WRT0$OFF                (abs)        000000
__CFG_WRT1$OFF                (abs)        000000
__CFG_WRT2$OFF                (abs)        000000
__CFG_WRT3$OFF                (abs)        000000
__CFG_WRTB$OFF                (abs)        000000
__CFG_WRTC$OFF                (abs)        000000
__CFG_WRTD$OFF                (abs)        000000
__CFG_XINST$OFF               (abs)        000000
__HRAM                        (abs)        000000
__Habs1                       abs1         000000
__Hbank0                      bank0        000000
__Hbank1                      bank1        000000
__Hbank2                      bank2        000000
__Hbank3                      bank3        000000
__Hbank4                      bank4        000000
__Hbank5                      bank5        000000
__Hbank6                      bank6        000000
__Hbank7                      bank7        000000
__Hbigbss                     bigbss       000000
__Hbigdata                    bigdata      000000
__Hbigram                     bigram       000000
__Hbss                        bss          000000
__HbssCOMRAM                  bssCOMRAM    000000
__Hcinit                      cinit        000000
__Hclrtext                    clrtext      000000
__Hcomram                     comram       000000
__Hconfig                     config       30000E
__Hconst                      const        000000
__HcstackBANK0                cstackBANK0  000000
__HcstackCOMRAM               cstackCOMRAM 000000
__Hdata                       data         000000
__HdataBANK0                  dataBANK0    000000
__HdataCOMRAM                 dataCOMRAM   000000
__Heeprom_data                eeprom_data  000000
__Hend_init                   end_init     00001A
__Hfarbss                     farbss       000000
__Hfardata                    fardata      000000
__Hibigdata                   ibigdata     000000
__Hidata                      idata        000000
__HidataBANK0                 idataBANK0   000000
__HidataCOMRAM                idataCOMRAM  000000
__Hidloc                      idloc        200008
__Hifardata                   ifardata     000000
__Hinit                       init         000016
__Hintcode                    intcode      000016
__Hintcode_body               intcode_body 000000
__Hintcodelo                  intcodelo    000016
__Hintentry                   intentry     000000
__Hintret                     intret       000000
__Hintsave_regs               intsave_regs 000000
__Hirdata                     irdata       000000
__Hmediumconst                mediumconst  000000
__HnvFARRAM                   nvFARRAM     000000
__Hnvbit                      nvbit        000000
__Hnvrram                     nvrram       000000
__Hparam                      rparam       000000
__Hpowerup                    powerup      000016
__Hram                        ram          000000
__Hramtop                     ramtop       000800
__Hrbit                       rbit         000000
__Hrbss                       rbss         000000
__Hrdata                      rdata        000000
__Hreset_vec                  reset_vec    000004
__Hrparam                     rparam       000000
__Hsfr                        sfr          000000
__Hsmallconst                 smallconst   0008E2
__Hspace_0                    (abs)        30000E
__Hspace_1                    (abs)        0000DF
__Hspace_2                    (abs)        000000
__Hstack                      stack        000000
__Hstruct                     struct       000000
__Htemp                       temp         000052
__Htext                       text         000000
__Htext0                      text0        000000
__Htext1                      text1        000000
__Htext10                     text10       000000
__Htext11                     text11       000000
__Htext12                     text12       000000
__Htext13                     text13       000000
__Htext14                     text14       000000
__Htext15                     text15       000000
__Htext16                     text16       000000
__Htext17                     text17       000000
__Htext18                     text18       000000
__Htext19                     text19       000000
__Htext2                      text2        000000
__Htext20                     text20       000000
__Htext21                     text21       000000
__Htext22                     text22       000000
__Htext23                     text23       000000
__Htext24                     text24       000000
__Htext25                     text25       000000
__Htext26                     text26       000000
__Htext27                     text27       000000
__Htext28                     text28       000000
__Htext29                     text29       000000
__Htext3                      text3        000000
__Htext30                     text30       000000
__Htext31                     text31       000000
__Htext32                     text32       000000
__Htext33                     text33       000000
__Htext34                     text34       000000
__Htext35                     text35       000000
__Htext4                      text4        000000
__Htext5                      text5        000000
__Htext6                      text6        000000
__Htext7                      text7        000000
__Htext8                      text8        000000
__Htext9                      text9        000000
__LRAM                        (abs)        000001
__Labs1                       abs1         000000
__Lbank0                      bank0        000000
__Lbank1                      bank1        000000
__Lbank2                      bank2        000000
__Lbank3                      bank3        000000
__Lbank4                      bank4        000000
__Lbank5                      bank5        000000
__Lbank6                      bank6        000000
__Lbank7                      bank7        000000
__Lbigbss                     bigbss       000000
__Lbigdata                    bigdata      000000
__Lbigram                     bigram       000000
__Lbss                        bss          000000
__LbssCOMRAM                  bssCOMRAM    000000
__Lcinit                      cinit        000000
__Lclrtext                    clrtext      000000
__Lcomram                     comram       000000
__Lconfig                     config       300000
__Lconst                      const        000000
__LcstackBANK0                cstackBANK0  000000
__LcstackCOMRAM               cstackCOMRAM 000000
__Ldata                       data         000000
__LdataBANK0                  dataBANK0    000000
__LdataCOMRAM                 dataCOMRAM   000000
__Leeprom_data                eeprom_data  000000
__Lend_init                   end_init     000016
__Lfarbss                     farbss       000000
__Lfardata                    fardata      000000
__Libigdata                   ibigdata     000000
__Lidata                      idata        000000
__LidataBANK0                 idataBANK0   000000
__LidataCOMRAM                idataCOMRAM  000000
__Lidloc                      idloc        200000
__Lifardata                   ifardata     000000
__Linit                       init         000016
__Lintcode                    intcode      000008
__Lintcode_body               intcode_body 000000
__Lintcodelo                  intcodelo    000016
__Lintentry                   intentry     000000
__Lintret                     intret       000000
__Lintsave_regs               intsave_regs 000000
__Lirdata                     irdata       000000
__Lmediumconst                mediumconst  000000
__LnvFARRAM                   nvFARRAM     000000
__Lnvbit                      nvbit        000000
__Lnvrram                     nvrram       000000
__Lparam                      rparam       000000
__Lpowerup                    powerup      000016
__Lram                        ram          000000
__Lramtop                     ramtop       000800
__Lrbit                       rbit         000000
__Lrbss                       rbss         000000
__Lrdata                      rdata        000000
__Lreset_vec                  reset_vec    000000
__Lrparam                     rparam       000000
__Lsfr                        sfr          000000
__Lsmallconst                 smallconst   000800
__Lspace_0                    (abs)        000000
__Lspace_1                    (abs)        000000
__Lspace_2                    (abs)        000000
__Lstack                      stack        000000
__Lstruct                     struct       000000
__Ltemp                       temp         000051
__Ltext                       text         000000
__Ltext0                      text0        000000
__Ltext1                      text1        000000
__Ltext10                     text10       000000
__Ltext11                     text11       000000
__Ltext12                     text12       000000
__Ltext13                     text13       000000
__Ltext14                     text14       000000
__Ltext15                     text15       000000
__Ltext16                     text16       000000
__Ltext17                     text17       000000
__Ltext18                     text18       000000
__Ltext19                     text19       000000
__Ltext2                      text2        000000
__Ltext20                     text20       000000
__Ltext21                     text21       000000
__Ltext22                     text22       000000
__Ltext23                     text23       000000
__Ltext24                     text24       000000
__Ltext25                     text25       000000
__Ltext26                     text26       000000
__Ltext27                     text27       000000
__Ltext28                     text28       000000
__Ltext29                     text29       000000
__Ltext3                      text3        000000
__Ltext30                     text30       000000
__Ltext31                     text31       000000
__Ltext32                     text32       000000
__Ltext33                     text33       000000
__Ltext34                     text34       000000
__Ltext35                     text35       000000
__Ltext4                      text4        000000
__Ltext5                      text5        000000
__Ltext6                      text6        000000
__Ltext7                      text7        000000
__Ltext8                      text8        000000
__Ltext9                      text9        000000
__S0                          (abs)        30000E
__S1                          (abs)        0000DF
__S2                          (abs)        000000
___altoft                     text22       002AAA
___altoft@c                   cstackCOMRAM 000039
___altoft@exp                 cstackCOMRAM 000041
___altoft@sign                cstackCOMRAM 000042
___awdiv                      text2        002A26
___awdiv@counter              cstackCOMRAM 000013
___awdiv@dividend             cstackCOMRAM 00000F
___awdiv@divisor              cstackCOMRAM 000011
___awdiv@quotient             cstackCOMRAM 000015
___awdiv@sign                 cstackCOMRAM 000014
___awtoft                     text30       002CD0
___awtoft@c                   cstackCOMRAM 000017
___awtoft@sign                cstackCOMRAM 00001A
___ftadd                      text27       001CDA
___ftadd@exp1                 cstackCOMRAM 000035
___ftadd@exp2                 cstackCOMRAM 000034
___ftadd@f1                   cstackCOMRAM 00002A
___ftadd@f2                   cstackCOMRAM 00002D
___ftadd@sign                 cstackCOMRAM 000033
___ftdiv                      text29       0026A0
___ftdiv@cntr                 cstackCOMRAM 000024
___ftdiv@exp                  cstackCOMRAM 000028
___ftdiv@f1                   cstackCOMRAM 00001B
___ftdiv@f2                   cstackCOMRAM 00001E
___ftdiv@f3                   cstackCOMRAM 000025
___ftdiv@sign                 cstackCOMRAM 000029
___ftge                       text21       002996
___ftge@ff1                   cstackCOMRAM 00000F
___ftge@ff2                   cstackCOMRAM 000012
___ftmul                      text25       0024BA
___ftmul@cntr                 cstackCOMRAM 000028
___ftmul@exp                  cstackCOMRAM 000024
___ftmul@f1                   cstackCOMRAM 00001B
___ftmul@f2                   cstackCOMRAM 00001E
___ftmul@f3_as_product        cstackCOMRAM 000025
___ftmul@sign                 cstackCOMRAM 000029
___ftneg                      text28       002D7E
___ftneg@f1                   cstackCOMRAM 00000F
___ftpack                     text32       002858
___ftpack@arg                 cstackCOMRAM 00000F
___ftpack@exp                 cstackCOMRAM 000012
___ftpack@sign                cstackCOMRAM 000013
___ftsub                      text26       002C20
___ftsub@f1                   cstackCOMRAM 000036
___ftsub@f2                   cstackCOMRAM 000039
___fttol                      text20       0023C6
___fttol@exp1                 cstackCOMRAM 000038
___fttol@f1                   cstackCOMRAM 00002A
___fttol@lval                 cstackCOMRAM 000034
___fttol@sign1                cstackCOMRAM 000033
___inthi_sp                   stack        000000
___intlo_sp                   stack        000000
___lltoft                     text31       002B22
___lltoft@c                   cstackCOMRAM 000017
___lltoft@exp                 cstackCOMRAM 00001F
___param_bank                 (abs)        000010
___rparam_used                (abs)        000001
___sp                         stack        000000
___wmul                       text24       002D58
___wmul@multiplicand          cstackCOMRAM 000011
___wmul@multiplier            cstackCOMRAM 00000F
___wmul@product               cstackCOMRAM 000013
__accesstop                   (abs)        000060
__activetblptr                (abs)        000002
__end_of_Delay100TCYx         text35       002E10
__end_of_Delay10TCYx          text34       002E00
__end_of_Delay1KTCYx          text33       002DF0
__end_of_Delay1TCYx           text4        002E1A
__end_of_ISR                  intcode_body 002182
__end_of___altoft             text22       002B22
__end_of___awdiv              text2        002AAA
__end_of___awtoft             text30       002D08
__end_of___ftadd              text27       001E86
__end_of___ftdiv              text29       002786
__end_of___ftge               text21       002A26
__end_of___ftmul              text25       0025AE
__end_of___ftneg              text28       002DA2
__end_of___ftpack             text32       002906
__end_of___ftsub              text26       002C60
__end_of___fttol              text20       0024BA
__end_of___lltoft             text31       002B7E
__end_of___wmul               text24       002D7E
__end_of__initialization      cinit        002BCA
__end_of_cuadrada             text13       0015A8
__end_of_eval_poly            text23       002858
__end_of_exp                  text16       001AD8
__end_of_floor                text18       0026A0
__end_of_frexp                text19       002996
__end_of_ingresar_frecuencia  text6        001CDA
__end_of_lcd_clear_display    text10       002E22
__end_of_lcd_control          text11       002DC2
__end_of_lcd_dato             text8        002DE0
__end_of_lcd_goto             text9        002CD0
__end_of_lcd_init             text5        002C98
__end_of_lcd_print            text7        002D32
__end_of_lcd_time_control     text12       002D58
__end_of_ldexp                text17       0023C6
__end_of_log                  text15       0022B2
__end_of_main                 text0        000DD6
__end_of_pow                  text14       002028
__end_of_rampa                text3        0018C4
__end_of_sen                  text1        001216
__end_ofexp@coeff             smallconst   00081F
__end_oflog@coeff             smallconst   00083A
__initialization              cinit        002B7E
__mediumconst                 mediumconst  000000
__pbssCOMRAM                  bssCOMRAM    000043
__pcinit                      cinit        002B7E
__pcstackBANK0                cstackBANK0  0000A8
__pcstackCOMRAM               cstackCOMRAM 000001
__pdataBANK0                  dataBANK0    000060
__pdataCOMRAM                 dataCOMRAM   00004D
__pidataBANK0                 idataBANK0   002BD8
__pidataCOMRAM                idataCOMRAM  002E22
__pintcode                    intcode      000008
__pintcode_body               intcode_body 002028
__psmallconst                 smallconst   000800
__ptext0                      text0        0008E2
__ptext1                      text1        000DD6
__ptext10                     text10       002E1A
__ptext11                     text11       002DA2
__ptext12                     text12       002D32
__ptext13                     text13       001216
__ptext14                     text14       001E86
__ptext15                     text15       002182
__ptext16                     text16       0018C4
__ptext17                     text17       0022B2
__ptext18                     text18       0025AE
__ptext19                     text19       002906
__ptext2                      text2        002A26
__ptext20                     text20       0023C6
__ptext21                     text21       002996
__ptext22                     text22       002AAA
__ptext23                     text23       002786
__ptext24                     text24       002D58
__ptext25                     text25       0024BA
__ptext26                     text26       002C20
__ptext27                     text27       001CDA
__ptext28                     text28       002D7E
__ptext29                     text29       0026A0
__ptext3                      text3        0015A8
__ptext30                     text30       002CD0
__ptext31                     text31       002B22
__ptext32                     text32       002858
__ptext33                     text33       002DE0
__ptext34                     text34       002DF0
__ptext35                     text35       002E00
__ptext4                      text4        002E10
__ptext5                      text5        002C60
__ptext6                      text6        001AD8
__ptext7                      text7        002D08
__ptext8                      text8        002DC2
__ptext9                      text9        002C98
__ramtop                      ramtop       000800
__size_of_Delay100TCYx        (abs)        000000
__size_of_Delay10TCYx         (abs)        000000
__size_of_Delay1KTCYx         (abs)        000000
__size_of_Delay1TCYx          (abs)        000000
__size_of_ISR                 (abs)        000000
__size_of___altoft            (abs)        000000
__size_of___awdiv             (abs)        000000
__size_of___awtoft            (abs)        000000
__size_of___ftadd             (abs)        000000
__size_of___ftdiv             (abs)        000000
__size_of___ftge              (abs)        000000
__size_of___ftmul             (abs)        000000
__size_of___ftneg             (abs)        000000
__size_of___ftpack            (abs)        000000
__size_of___ftsub             (abs)        000000
__size_of___fttol             (abs)        000000
__size_of___lltoft            (abs)        000000
__size_of___wmul              (abs)        000000
__size_of_cuadrada            (abs)        000000
__size_of_eval_poly           (abs)        000000
__size_of_exp                 (abs)        000000
__size_of_floor               (abs)        000000
__size_of_frexp               (abs)        000000
__size_of_ingresar_frecuencia (abs)        000000
__size_of_lcd_clear_display   (abs)        000000
__size_of_lcd_control         (abs)        000000
__size_of_lcd_dato            (abs)        000000
__size_of_lcd_goto            (abs)        000000
__size_of_lcd_init            (abs)        000000
__size_of_lcd_print           (abs)        000000
__size_of_lcd_time_control    (abs)        000000
__size_of_ldexp               (abs)        000000
__size_of_log                 (abs)        000000
__size_of_main                (abs)        000000
__size_of_pow                 (abs)        000000
__size_of_rampa               (abs)        000000
__size_of_sen                 (abs)        000000
__smallconst                  smallconst   000800
_centenas                     bssCOMRAM    000043
_cuadrada                     text13       001216
_cuadrada$1046                cstackBANK0  0000CC
_cuadrada$1047                cstackBANK0  0000CF
_decenas                      bssCOMRAM    000045
_errno                        bssCOMRAM    000047
_eval_poly                    text23       002786
_exp                          text16       0018C4
_exp$1052                     cstackBANK0  0000B3
_floor                        text18       0025AE
_frecuencia                   dataCOMRAM   00004D
_frexp                        text19       002906
_ingresar_frecuencia          text6        001AD8
_lcd_clear_display            text10       002E1A
_lcd_control                  text11       002DA2
_lcd_dato                     text8        002DC2
_lcd_goto                     text9        002C98
_lcd_init                     text5        002C60
_lcd_print                    text7        002D08
_lcd_time_control             text12       002D32
_ldexp                        text17       0022B2
_log                          text15       002182
_main                         text0        0008E2
_opcion                       bssCOMRAM    000049
_pow                          text14       001E86
_pow$1050                     cstackBANK0  0000BF
_pow$1051                     cstackBANK0  0000C2
_rampa                        text3        0015A8
_rampa$1044                   cstackBANK0  0000D0
_rampa$1045                   cstackBANK0  0000D3
_sen                          text1        000DD6
_sen$1048                     cstackBANK0  0000CC
_sen$1049                     cstackBANK0  0000CF
_seno                         dataBANK0    000060
_tecla                        dataCOMRAM   00004F
_unidades                     bssCOMRAM    00004B
btemp                         temp         000051
cuadrada@frec                 cstackBANK0  0000CA
cuadrada@h                    cstackBANK0  0000D4
cuadrada@x                    cstackBANK0  0000D6
cuadrada@z                    cstackBANK0  0000D2
end_of_initialization         cinit        002BCA
eval_poly@d                   cstackCOMRAM 000039
eval_poly@n                   cstackCOMRAM 00003B
eval_poly@res                 cstackCOMRAM 00003F
eval_poly@x                   cstackCOMRAM 000036
exp@coeff                     smallconst   000801
exp@exponent                  cstackBANK0  0000B6
exp@sign                      cstackBANK0  0000B8
exp@x                         cstackBANK0  0000B0
floor@expon                   cstackBANK0  0000AE
floor@i                       cstackBANK0  0000AB
floor@x                       cstackBANK0  0000A8
frexp@eptr                    cstackCOMRAM 000012
frexp@value                   cstackCOMRAM 00000F
int$flags                     temp         000051
int_func                      intcode_body 002028
intlevel0                     text         000000
intlevel1                     text         000000
intlevel2                     text         000000
intlevel3                     text         000000
lcd_control@dato              cstackCOMRAM 000011
lcd_dato@dato                 cstackCOMRAM 000011
lcd_goto@posicion             cstackCOMRAM 000018
lcd_goto@x                    cstackCOMRAM 000012
lcd_goto@y                    cstackCOMRAM 000014
lcd_print@dato                cstackCOMRAM 000012
ldexp@newexp                  cstackBANK0  0000AB
ldexp@value                   cstackBANK0  0000A8
log@coeff                     smallconst   00081F
log@exponent                  cstackBANK0  0000AB
log@x                         cstackBANK0  0000A8
pow@sign                      cstackBANK0  0000C5
pow@x                         cstackBANK0  0000B9
pow@y                         cstackBANK0  0000BC
pow@yi                        cstackBANK0  0000C6
rampa@frecu                   cstackBANK0  0000CA
rampa@i                       cstackBANK0  0000D6
rampa@i_248                   cstackBANK0  0000D8
rampa@i_250                   cstackBANK0  0000DA
rampa@j                       cstackBANK0  0000CE
rampa@q                       cstackBANK0  0000DC
rampa@q_249                   cstackBANK0  0000CC
sen@b                         cstackBANK0  0000DA
sen@frecuen                   cstackBANK0  0000CA
sen@i                         cstackBANK0  0000D2
sen@i_262                     cstackBANK0  0000D4
sen@i_263                     cstackBANK0  0000D6
sen@t                         cstackBANK0  0000D8
stackhi                       (abs)        0007FF
stacklo                       (abs)        0000DF
start                         init         000016
start_initialization          cinit        002B7E


FUNCTION INFORMATION:

 *************** function _main *****************
 Defined at:
		line 327 in file "LAB4.c"
 Parameters:    Size  Location     Type
		None
 Auto vars:     Size  Location     Type
		None
 Return value:  Size  Location     Type
                  1    wreg      void 
 Registers used:
		wreg, fsr2l, fsr2h, status,2, status,0, tblptrl, tblptrh, tblptru, prodl, prodh, cstack
 Tracked objects:
		On entry : 
		On exit  : 
		Unchanged: 
 Data sizes:     COMRAM   BANK0   BANK1   BANK2   BANK3   BANK4   BANK5   BANK6   BANK7
      Params:         0       0       0       0       0       0       0       0       0
      Locals:         0       0       0       0       0       0       0       0       0
      Temps:          0       1       0       0       0       0       0       0       0
      Totals:         0       1       0       0       0       0       0       0       0
Total ram usage:        1 bytes
 Hardware stack levels required when called:    7
 This function calls:
		_cuadrada
		_ingresar_frecuencia
		_lcd_clear_display
		_lcd_dato
		_lcd_goto
		_lcd_init
		_lcd_print
		_rampa
		_sen
 This function is called by:
		Startup code after reset
 This function uses a non-reentrant model


 *************** function _sen *****************
 Defined at:
		line 265 in file "LAB4.c"
 Parameters:    Size  Location     Type
  frecuen         2   34[BANK0 ] int 
 Auto vars:     Size  Location     Type
  i               2   46[BANK0 ] int 
  i               2   44[BANK0 ] int 
  i               2   42[BANK0 ] int 
  t               2   48[BANK0 ] int 
  b               2   50[BANK0 ] int 
 Return value:  Size  Location     Type
                  2   34[BANK0 ] int 
 Registers used:
		wreg, fsr2l, fsr2h, status,2, status,0, tblptrl, tblptrh, tblptru, prodl, prodh, cstack
 Tracked objects:
		On entry : 
		On exit  : 
		Unchanged: 
 Data sizes:     COMRAM   BANK0   BANK1   BANK2   BANK3   BANK4   BANK5   BANK6   BANK7
      Params:         0       2       0       0       0       0       0       0       0
      Locals:         0      16       0       0       0       0       0       0       0
      Temps:          0       0       0       0       0       0       0       0       0
      Totals:         0      18       0       0       0       0       0       0       0
Total ram usage:       18 bytes
 Hardware stack levels used:    1
 Hardware stack levels required when called:    6
 This function calls:
		_Delay100TCYx
		_Delay10TCYx
		_Delay1TCYx
		___awdiv
		___awtoft
		___ftmul
		___fttol
		_pow
 This function is called by:
		_main
 This function uses a non-reentrant model


 *************** function ___awdiv *****************
 Defined at:
		line 8 in file "C:\Program Files (x86)\Microchip\xc8\v1.36\sources\common\awdiv.c"
 Parameters:    Size  Location     Type
  dividend        2   14[COMRAM] int 
  divisor         2   16[COMRAM] int 
 Auto vars:     Size  Location     Type
  quotient        2   20[COMRAM] int 
  sign            1   19[COMRAM] unsigned char 
  counter         1   18[COMRAM] unsigned char 
 Return value:  Size  Location     Type
                  2   14[COMRAM] int 
 Registers used:
		wreg, status,2, status,0
 Tracked objects:
		On entry : 
		On exit  : 
		Unchanged: 
 Data sizes:     COMRAM   BANK0   BANK1   BANK2   BANK3   BANK4   BANK5   BANK6   BANK7
      Params:         4       0       0       0       0       0       0       0       0
      Locals:         4       0       0       0       0       0       0       0       0
      Temps:          0       0       0       0       0       0       0       0       0
      Totals:         8       0       0       0       0       0       0       0       0
Total ram usage:        8 bytes
 Hardware stack levels used:    1
 Hardware stack levels required when called:    1
 This function calls:
		Nothing
 This function is called by:
		_sen
 This function uses a non-reentrant model


 *************** function _rampa *****************
 Defined at:
		line 119 in file "LAB4.c"
 Parameters:    Size  Location     Type
  frecu           2   34[BANK0 ] int 
 Auto vars:     Size  Location     Type
  i               2   50[BANK0 ] int 
  i               2   48[BANK0 ] int 
  i               2   46[BANK0 ] int 
  q               2   36[BANK0 ] int 
  q               2   52[BANK0 ] int 
  j               2   38[BANK0 ] int 
 Return value:  Size  Location     Type
                  2   34[BANK0 ] int 
 Registers used:
		wreg, fsr2l, fsr2h, status,2, status,0, tblptrl, tblptrh, tblptru, prodl, prodh, cstack
 Tracked objects:
		On entry : 
		On exit  : 
		Unchanged: 
 Data sizes:     COMRAM   BANK0   BANK1   BANK2   BANK3   BANK4   BANK5   BANK6   BANK7
      Params:         0       2       0       0       0       0       0       0       0
      Locals:         0      18       0       0       0       0       0       0       0
      Temps:          0       0       0       0       0       0       0       0       0
      Totals:         0      20       0       0       0       0       0       0       0
Total ram usage:       20 bytes
 Hardware stack levels used:    1
 Hardware stack levels required when called:    6
 This function calls:
		_Delay10TCYx
		_Delay1TCYx
		___awtoft
		___ftmul
		___fttol
		_pow
 This function is called by:
		_main
 This function uses a non-reentrant model


 *************** function _Delay1TCYx *****************
 Defined at:
		line 4 in file "C:\Program Files (x86)\Microchip\xc8\v1.36\sources\pic18\d1tcyx.c"
 Parameters:    Size  Location     Type
  unit            1    wreg     unsigned char 
 Auto vars:     Size  Location     Type
  unit            1   14[COMRAM] unsigned char 
 Return value:  Size  Location     Type
                  1    wreg      void 
 Registers used:
		wreg
 Tracked objects:
		On entry : 
		On exit  : 
		Unchanged: 
 Data sizes:     COMRAM   BANK0   BANK1   BANK2   BANK3   BANK4   BANK5   BANK6   BANK7
      Params:         0       0       0       0       0       0       0       0       0
      Locals:         1       0       0       0       0       0       0       0       0
      Temps:          0       0       0       0       0       0       0       0       0
      Totals:         1       0       0       0       0       0       0       0       0
Total ram usage:        1 bytes
 Hardware stack levels used:    1
 Hardware stack levels required when called:    1
 This function calls:
		Nothing
 This function is called by:
		_rampa
		_sen
 This function uses a non-reentrant model


 *************** function _lcd_init *****************
 Defined at:
		line 14 in file "LCD.c"
 Parameters:    Size  Location     Type
		None
 Auto vars:     Size  Location     Type
		None
 Return value:  Size  Location     Type
                  1    wreg      void 
 Registers used:
		wreg, status,2, cstack
 Tracked objects:
		On entry : 
		On exit  : 
		Unchanged: 
 Data sizes:     COMRAM   BANK0   BANK1   BANK2   BANK3   BANK4   BANK5   BANK6   BANK7
      Params:         0       0       0       0       0       0       0       0       0
      Locals:         0       0       0       0       0       0       0       0       0
      Temps:          1       0       0       0       0       0       0       0       0
      Totals:         1       0       0       0       0       0       0       0       0
Total ram usage:        1 bytes
 Hardware stack levels used:    1
 Hardware stack levels required when called:    3
 This function calls:
		_lcd_control
 This function is called by:
		_main
 This function uses a non-reentrant model


 *************** function _ingresar_frecuencia *****************
 Defined at:
		line 61 in file "LAB4.c"
 Parameters:    Size  Location     Type
		None
 Auto vars:     Size  Location     Type
		None
 Return value:  Size  Location     Type
                  2  117[None  ] int 
 Registers used:
		wreg, status,2, status,0, tblptrl, tblptrh, tblptru, prodl, prodh, cstack
 Tracked objects:
		On entry : 
		On exit  : 
		Unchanged: 
 Data sizes:     COMRAM   BANK0   BANK1   BANK2   BANK3   BANK4   BANK5   BANK6   BANK7
      Params:         0       0       0       0       0       0       0       0       0
      Locals:         0       0       0       0       0       0       0       0       0
      Temps:          2       0       0       0       0       0       0       0       0
      Totals:         2       0       0       0       0       0       0       0       0
Total ram usage:        2 bytes
 Hardware stack levels used:    1
 Hardware stack levels required when called:    4
 This function calls:
		___wmul
		_lcd_clear_display
		_lcd_dato
		_lcd_goto
		_lcd_print
 This function is called by:
		_main
 This function uses a non-reentrant model


 *************** function _lcd_print *****************
 Defined at:
		line 73 in file "LCD.c"
 Parameters:    Size  Location     Type
  dato            2   17[COMRAM] PTR unsigned char 
		 -> STR_13(16), STR_12(13), STR_11(12), STR_10(13), 
		 -> STR_9(16), STR_8(13), STR_7(13), STR_6(17), 
		 -> STR_5(17), STR_4(17), STR_3(17), STR_2(13), 
		 -> STR_1(16), 
 Auto vars:     Size  Location     Type
		None
 Return value:  Size  Location     Type
                  1    wreg      void 
 Registers used:
		wreg, status,2, status,0, tblptrl, tblptrh, tblptru, cstack
 Tracked objects:
		On entry : 
		On exit  : 
		Unchanged: 
 Data sizes:     COMRAM   BANK0   BANK1   BANK2   BANK3   BANK4   BANK5   BANK6   BANK7
      Params:         2       0       0       0       0       0       0       0       0
      Locals:         0       0       0       0       0       0       0       0       0
      Temps:          0       0       0       0       0       0       0       0       0
      Totals:         2       0       0       0       0       0       0       0       0
Total ram usage:        2 bytes
 Hardware stack levels used:    1
 Hardware stack levels required when called:    3
 This function calls:
		_lcd_dato
 This function is called by:
		_ingresar_frecuencia
		_main
		_lcd_print_with_position
 This function uses a non-reentrant model


 *************** function _lcd_dato *****************
 Defined at:
		line 49 in file "LCD.c"
 Parameters:    Size  Location     Type
  dato            1    wreg     unsigned char 
 Auto vars:     Size  Location     Type
  dato            1   16[COMRAM] unsigned char 
 Return value:  Size  Location     Type
                  1    wreg      void 
 Registers used:
		wreg, cstack
 Tracked objects:
		On entry : 
		On exit  : 
		Unchanged: 
 Data sizes:     COMRAM   BANK0   BANK1   BANK2   BANK3   BANK4   BANK5   BANK6   BANK7
      Params:         0       0       0       0       0       0       0       0       0
      Locals:         1       0       0       0       0       0       0       0       0
      Temps:          1       0       0       0       0       0       0       0       0
      Totals:         2       0       0       0       0       0       0       0       0
Total ram usage:        2 bytes
 Hardware stack levels used:    1
 Hardware stack levels required when called:    2
 This function calls:
		_lcd_time_control
 This function is called by:
		_ingresar_frecuencia
		_main
		_lcd_print
		_lcd_put_caracter
 This function uses a non-reentrant model


 *************** function _lcd_goto *****************
 Defined at:
		line 101 in file "LCD.c"
 Parameters:    Size  Location     Type
  x               2   17[COMRAM] int 
  y               2   19[COMRAM] int 
 Auto vars:     Size  Location     Type
  posicion        1   23[COMRAM] unsigned char 
 Return value:  Size  Location     Type
                  1    wreg      void 
 Registers used:
		wreg, status,2, status,0, cstack
 Tracked objects:
		On entry : 
		On exit  : 
		Unchanged: 
 Data sizes:     COMRAM   BANK0   BANK1   BANK2   BANK3   BANK4   BANK5   BANK6   BANK7
      Params:         4       0       0       0       0       0       0       0       0
      Locals:         1       0       0       0       0       0       0       0       0
      Temps:          2       0       0       0       0       0       0       0       0
      Totals:         7       0       0       0       0       0       0       0       0
Total ram usage:        7 bytes
 Hardware stack levels used:    1
 Hardware stack levels required when called:    3
 This function calls:
		_lcd_control
 This function is called by:
		_ingresar_frecuencia
		_main
 This function uses a non-reentrant model


 *************** function _lcd_clear_display *****************
 Defined at:
		line 59 in file "LCD.c"
 Parameters:    Size  Location     Type
		None
 Auto vars:     Size  Location     Type
		None
 Return value:  Size  Location     Type
                  2   20[None  ] int 
 Registers used:
		wreg, cstack
 Tracked objects:
		On entry : 
		On exit  : 
		Unchanged: 
 Data sizes:     COMRAM   BANK0   BANK1   BANK2   BANK3   BANK4   BANK5   BANK6   BANK7
      Params:         0       0       0       0       0       0       0       0       0
      Locals:         0       0       0       0       0       0       0       0       0
      Temps:          0       0       0       0       0       0       0       0       0
      Totals:         0       0       0       0       0       0       0       0       0
Total ram usage:        0 bytes
 Hardware stack levels used:    1
 Hardware stack levels required when called:    3
 This function calls:
		_lcd_control
 This function is called by:
		_ingresar_frecuencia
		_main
 This function uses a non-reentrant model


 *************** function _lcd_control *****************
 Defined at:
		line 36 in file "LCD.c"
 Parameters:    Size  Location     Type
  dato            1    wreg     unsigned char 
 Auto vars:     Size  Location     Type
  dato            1   16[COMRAM] unsigned char 
 Return value:  Size  Location     Type
                  1    wreg      void 
 Registers used:
		wreg, cstack
 Tracked objects:
		On entry : 
		On exit  : 
		Unchanged: 
 Data sizes:     COMRAM   BANK0   BANK1   BANK2   BANK3   BANK4   BANK5   BANK6   BANK7
      Params:         0       0       0       0       0       0       0       0       0
      Locals:         1       0       0       0       0       0       0       0       0
      Temps:          1       0       0       0       0       0       0       0       0
      Totals:         2       0       0       0       0       0       0       0       0
Total ram usage:        2 bytes
 Hardware stack levels used:    1
 Hardware stack levels required when called:    2
 This function calls:
		_lcd_time_control
 This function is called by:
		_lcd_init
		_lcd_clear_display
		_lcd_goto
		_lcd_cursor_home
		_lcd_print_with_position
		_lcd_put_caracter
 This function uses a non-reentrant model


 *************** function _lcd_time_control *****************
 Defined at:
		line 128 in file "LCD.c"
 Parameters:    Size  Location     Type
		None
 Auto vars:     Size  Location     Type
		None
 Return value:  Size  Location     Type
                  1    wreg      void 
 Registers used:
		wreg
 Tracked objects:
		On entry : 
		On exit  : 
		Unchanged: 
 Data sizes:     COMRAM   BANK0   BANK1   BANK2   BANK3   BANK4   BANK5   BANK6   BANK7
      Params:         0       0       0       0       0       0       0       0       0
      Locals:         0       0       0       0       0       0       0       0       0
      Temps:          1       0       0       0       0       0       0       0       0
      Totals:         1       0       0       0       0       0       0       0       0
Total ram usage:        1 bytes
 Hardware stack levels used:    1
 Hardware stack levels required when called:    1
 This function calls:
		Nothing
 This function is called by:
		_lcd_control
		_lcd_dato
 This function uses a non-reentrant model


 *************** function _cuadrada *****************
 Defined at:
		line 177 in file "LAB4.c"
 Parameters:    Size  Location     Type
  frec            2   34[BANK0 ] int 
 Auto vars:     Size  Location     Type
  x               2   46[BANK0 ] int 
  h               2   44[BANK0 ] int 
  z               2   42[BANK0 ] int 
 Return value:  Size  Location     Type
                  2   34[BANK0 ] int 
 Registers used:
		wreg, fsr2l, fsr2h, status,2, status,0, tblptrl, tblptrh, tblptru, prodl, prodh, cstack
 Tracked objects:
		On entry : 
		On exit  : 
		Unchanged: 
 Data sizes:     COMRAM   BANK0   BANK1   BANK2   BANK3   BANK4   BANK5   BANK6   BANK7
      Params:         0       2       0       0       0       0       0       0       0
      Locals:         0      12       0       0       0       0       0       0       0
      Temps:          0       0       0       0       0       0       0       0       0
      Totals:         0      14       0       0       0       0       0       0       0
Total ram usage:       14 bytes
 Hardware stack levels used:    1
 Hardware stack levels required when called:    6
 This function calls:
		_Delay100TCYx
		_Delay10TCYx
		_Delay1KTCYx
		___awtoft
		___ftdiv
		___fttol
		_pow
 This function is called by:
		_main
 This function uses a non-reentrant model


 *************** function _pow *****************
 Defined at:
		line 5 in file "C:\Program Files (x86)\Microchip\xc8\v1.36\sources\common\pow.c"
 Parameters:    Size  Location     Type
  x               3   17[BANK0 ] int 
  y               3   20[BANK0 ] int 
 Auto vars:     Size  Location     Type
  yi              4   30[BANK0 ] unsigned long 
  sign            1   29[BANK0 ] unsigned char 
 Return value:  Size  Location     Type
                  3   17[BANK0 ] unsigned char 
 Registers used:
		wreg, fsr2l, fsr2h, status,2, status,0, tblptrl, tblptrh, tblptru, prodl, prodh, cstack
 Tracked objects:
		On entry : 
		On exit  : 
		Unchanged: 
 Data sizes:     COMRAM   BANK0   BANK1   BANK2   BANK3   BANK4   BANK5   BANK6   BANK7
      Params:         0       6       0       0       0       0       0       0       0
      Locals:         0      11       0       0       0       0       0       0       0
      Temps:          0       0       0       0       0       0       0       0       0
      Totals:         0      17       0       0       0       0       0       0       0
Total ram usage:       17 bytes
 Hardware stack levels used:    1
 Hardware stack levels required when called:    5
 This function calls:
		___ftge
		___ftmul
		___ftneg
		___fttol
		___lltoft
		_exp
		_log
 This function is called by:
		_rampa
		_cuadrada
		_sen
 This function uses a non-reentrant model


 *************** function _log *****************
 Defined at:
		line 5 in file "C:\Program Files (x86)\Microchip\xc8\v1.36\sources\common\log.c"
 Parameters:    Size  Location     Type
  x               3    0[BANK0 ] unsigned char 
 Auto vars:     Size  Location     Type
  exponent        2    3[BANK0 ] int 
 Return value:  Size  Location     Type
                  3    0[BANK0 ] int 
 Registers used:
		wreg, fsr2l, fsr2h, status,2, status,0, tblptrl, tblptrh, tblptru, prodl, prodh, cstack
 Tracked objects:
		On entry : 
		On exit  : 
		Unchanged: 
 Data sizes:     COMRAM   BANK0   BANK1   BANK2   BANK3   BANK4   BANK5   BANK6   BANK7
      Params:         0       3       0       0       0       0       0       0       0
      Locals:         0       2       0       0       0       0       0       0       0
      Temps:          0       0       0       0       0       0       0       0       0
      Totals:         0       5       0       0       0       0       0       0       0
Total ram usage:        5 bytes
 Hardware stack levels used:    1
 Hardware stack levels required when called:    4
 This function calls:
		___awtoft
		___ftadd
		___ftmul
		_eval_poly
		_frexp
 This function is called by:
		_pow
 This function uses a non-reentrant model


 *************** function _exp *****************
 Defined at:
		line 12 in file "C:\Program Files (x86)\Microchip\xc8\v1.36\sources\common\exp.c"
 Parameters:    Size  Location     Type
  x               3    8[BANK0 ] int 
 Auto vars:     Size  Location     Type
  exponent        2   14[BANK0 ] int 
  sign            1   16[BANK0 ] unsigned char 
 Return value:  Size  Location     Type
                  3    8[BANK0 ] unsigned char 
 Registers used:
		wreg, fsr2l, fsr2h, status,2, status,0, tblptrl, tblptrh, tblptru, prodl, prodh, cstack
 Tracked objects:
		On entry : 
		On exit  : 
		Unchanged: 
 Data sizes:     COMRAM   BANK0   BANK1   BANK2   BANK3   BANK4   BANK5   BANK6   BANK7
      Params:         0       3       0       0       0       0       0       0       0
      Locals:         0       6       0       0       0       0       0       0       0
      Temps:          0       0       0       0       0       0       0       0       0
      Totals:         0       9       0       0       0       0       0       0       0
Total ram usage:        9 bytes
 Hardware stack levels used:    1
 Hardware stack levels required when called:    4
 This function calls:
		___awtoft
		___ftdiv
		___ftge
		___ftmul
		___ftneg
		___ftsub
		___fttol
		_eval_poly
		_floor
		_ldexp
 This function is called by:
		_pow
 This function uses a non-reentrant model


 *************** function _ldexp *****************
 Defined at:
		line 277 in file "C:\Program Files (x86)\Microchip\xc8\v1.36\sources\common\frexp.c"
 Parameters:    Size  Location     Type
  value           3    0[BANK0 ] unsigned char 
  newexp          2    3[BANK0 ] int 
 Auto vars:     Size  Location     Type
		None
 Return value:  Size  Location     Type
                  3    0[BANK0 ] int 
 Registers used:
		wreg, status,2, status,0
 Tracked objects:
		On entry : 
		On exit  : 
		Unchanged: 
 Data sizes:     COMRAM   BANK0   BANK1   BANK2   BANK3   BANK4   BANK5   BANK6   BANK7
      Params:         0       5       0       0       0       0       0       0       0
      Locals:         0       0       0       0       0       0       0       0       0
      Temps:          0       2       0       0       0       0       0       0       0
      Totals:         0       7       0       0       0       0       0       0       0
Total ram usage:        7 bytes
 Hardware stack levels used:    1
 Hardware stack levels required when called:    1
 This function calls:
		Nothing
 This function is called by:
		_exp
 This function uses a non-reentrant model


 *************** function _floor *****************
 Defined at:
		line 13 in file "C:\Program Files (x86)\Microchip\xc8\v1.36\sources\common\floor.c"
 Parameters:    Size  Location     Type
  x               3    0[BANK0 ] int 
 Auto vars:     Size  Location     Type
  i               3    3[BANK0 ] int 
  expon           2    6[BANK0 ] int 
 Return value:  Size  Location     Type
                  3    0[BANK0 ] int 
 Registers used:
		wreg, fsr2l, fsr2h, status,2, status,0, cstack
 Tracked objects:
		On entry : 
		On exit  : 
		Unchanged: 
 Data sizes:     COMRAM   BANK0   BANK1   BANK2   BANK3   BANK4   BANK5   BANK6   BANK7
      Params:         0       3       0       0       0       0       0       0       0
      Locals:         0       5       0       0       0       0       0       0       0
      Temps:          0       0       0       0       0       0       0       0       0
      Totals:         0       8       0       0       0       0       0       0       0
Total ram usage:        8 bytes
 Hardware stack levels used:    1
 Hardware stack levels required when called:    3
 This function calls:
		___altoft
		___ftadd
		___ftge
		___fttol
		_frexp
 This function is called by:
		_exp
 This function uses a non-reentrant model


 *************** function _frexp *****************
 Defined at:
		line 254 in file "C:\Program Files (x86)\Microchip\xc8\v1.36\sources\common\frexp.c"
 Parameters:    Size  Location     Type
  value           3   14[COMRAM] int 
  eptr            2   17[COMRAM] PTR int 
		 -> log@exponent(2), floor@expon(2), 
 Auto vars:     Size  Location     Type
		None
 Return value:  Size  Location     Type
                  3   14[COMRAM] PTR int 
 Registers used:
		wreg, fsr2l, fsr2h, status,2, status,0
 Tracked objects:
		On entry : 
		On exit  : 
		Unchanged: 
 Data sizes:     COMRAM   BANK0   BANK1   BANK2   BANK3   BANK4   BANK5   BANK6   BANK7
      Params:         5       0       0       0       0       0       0       0       0
      Locals:         0       0       0       0       0       0       0       0       0
      Temps:          2       0       0       0       0       0       0       0       0
      Totals:         7       0       0       0       0       0       0       0       0
Total ram usage:        7 bytes
 Hardware stack levels used:    1
 Hardware stack levels required when called:    1
 This function calls:
		Nothing
 This function is called by:
		_floor
		_log
 This function uses a non-reentrant model


 *************** function ___fttol *****************
 Defined at:
		line 44 in file "C:\Program Files (x86)\Microchip\xc8\v1.36\sources\common\fttol.c"
 Parameters:    Size  Location     Type
  f1              3   41[COMRAM] float 
 Auto vars:     Size  Location     Type
  lval            4   51[COMRAM] unsigned long 
  exp1            1   55[COMRAM] unsigned char 
  sign1           1   50[COMRAM] unsigned char 
 Return value:  Size  Location     Type
                  4   41[COMRAM] long 
 Registers used:
		wreg, status,2, status,0
 Tracked objects:
		On entry : 
		On exit  : 
		Unchanged: 
 Data sizes:     COMRAM   BANK0   BANK1   BANK2   BANK3   BANK4   BANK5   BANK6   BANK7
      Params:         4       0       0       0       0       0       0       0       0
      Locals:         6       0       0       0       0       0       0       0       0
      Temps:          5       0       0       0       0       0       0       0       0
      Totals:        15       0       0       0       0       0       0       0       0
Total ram usage:       15 bytes
 Hardware stack levels used:    1
 Hardware stack levels required when called:    1
 This function calls:
		Nothing
 This function is called by:
		_rampa
		_cuadrada
		_sen
		_pow
		_exp
		_floor
 This function uses a non-reentrant model


 *************** function ___ftge *****************
 Defined at:
		line 4 in file "C:\Program Files (x86)\Microchip\xc8\v1.36\sources\common\ftge.c"
 Parameters:    Size  Location     Type
  ff1             3   14[COMRAM] float 
  ff2             3   17[COMRAM] float 
 Auto vars:     Size  Location     Type
		None
 Return value:  Size  Location     Type
		None               void
 Registers used:
		wreg, status,2, status,0
 Tracked objects:
		On entry : 
		On exit  : 
		Unchanged: 
 Data sizes:     COMRAM   BANK0   BANK1   BANK2   BANK3   BANK4   BANK5   BANK6   BANK7
      Params:         6       0       0       0       0       0       0       0       0
      Locals:         0       0       0       0       0       0       0       0       0
      Temps:          3       0       0       0       0       0       0       0       0
      Totals:         9       0       0       0       0       0       0       0       0
Total ram usage:        9 bytes
 Hardware stack levels used:    1
 Hardware stack levels required when called:    1
 This function calls:
		Nothing
 This function is called by:
		_pow
		_exp
		_floor
 This function uses a non-reentrant model


 *************** function ___altoft *****************
 Defined at:
		line 42 in file "C:\Program Files (x86)\Microchip\xc8\v1.36\sources\common\altoft.c"
 Parameters:    Size  Location     Type
  c               4   56[COMRAM] long 
 Auto vars:     Size  Location     Type
  sign            1   65[COMRAM] unsigned char 
  exp             1   64[COMRAM] unsigned char 
 Return value:  Size  Location     Type
                  3   56[COMRAM] float 
 Registers used:
		wreg, status,2, status,0, cstack
 Tracked objects:
		On entry : 
		On exit  : 
		Unchanged: 
 Data sizes:     COMRAM   BANK0   BANK1   BANK2   BANK3   BANK4   BANK5   BANK6   BANK7
      Params:         4       0       0       0       0       0       0       0       0
      Locals:         2       0       0       0       0       0       0       0       0
      Temps:          4       0       0       0       0       0       0       0       0
      Totals:        10       0       0       0       0       0       0       0       0
Total ram usage:       10 bytes
 Hardware stack levels used:    1
 Hardware stack levels required when called:    2
 This function calls:
		___ftpack
 This function is called by:
		_floor
 This function uses a non-reentrant model


 *************** function _eval_poly *****************
 Defined at:
		line 4 in file "C:\Program Files (x86)\Microchip\xc8\v1.36\sources\common\evalpoly.c"
 Parameters:    Size  Location     Type
  x               3   53[COMRAM] float 
  d               2   56[COMRAM] PTR const 
		 -> log@coeff(27), exp@coeff(30), 
  n               2   58[COMRAM] int 
 Auto vars:     Size  Location     Type
  res             3   62[COMRAM] int 
 Return value:  Size  Location     Type
                  3   53[COMRAM] int 
 Registers used:
		wreg, status,2, status,0, tblptrl, tblptrh, tblptru, prodl, prodh, cstack
 Tracked objects:
		On entry : 
		On exit  : 
		Unchanged: 
 Data sizes:     COMRAM   BANK0   BANK1   BANK2   BANK3   BANK4   BANK5   BANK6   BANK7
      Params:         7       0       0       0       0       0       0       0       0
      Locals:         3       0       0       0       0       0       0       0       0
      Temps:          2       0       0       0       0       0       0       0       0
      Totals:        12       0       0       0       0       0       0       0       0
Total ram usage:       12 bytes
 Hardware stack levels used:    1
 Hardware stack levels required when called:    3
 This function calls:
		___ftadd
		___ftmul
		___wmul
 This function is called by:
		_exp
		_log
 This function uses a non-reentrant model


 *************** function ___wmul *****************
 Defined at:
		line 15 in file "C:\Program Files (x86)\Microchip\xc8\v1.36\sources\common\Umul16.c"
 Parameters:    Size  Location     Type
  multiplier      2   14[COMRAM] unsigned int 
  multiplicand    2   16[COMRAM] unsigned int 
 Auto vars:     Size  Location     Type
  product         2   18[COMRAM] unsigned int 
 Return value:  Size  Location     Type
                  2   14[COMRAM] unsigned int 
 Registers used:
		wreg, status,2, status,0, prodl, prodh
 Tracked objects:
		On entry : 
		On exit  : 
		Unchanged: 
 Data sizes:     COMRAM   BANK0   BANK1   BANK2   BANK3   BANK4   BANK5   BANK6   BANK7
      Params:         4       0       0       0       0       0       0       0       0
      Locals:         2       0       0       0       0       0       0       0       0
      Temps:          0       0       0       0       0       0       0       0       0
      Totals:         6       0       0       0       0       0       0       0       0
Total ram usage:        6 bytes
 Hardware stack levels used:    1
 Hardware stack levels required when called:    1
 This function calls:
		Nothing
 This function is called by:
		_ingresar_frecuencia
		_eval_poly
 This function uses a non-reentrant model


 *************** function ___ftmul *****************
 Defined at:
		line 62 in file "C:\Program Files (x86)\Microchip\xc8\v1.36\sources\common\ftmul.c"
 Parameters:    Size  Location     Type
  f1              3   26[COMRAM] float 
  f2              3   29[COMRAM] float 
 Auto vars:     Size  Location     Type
  f3_as_produc    3   36[COMRAM] unsigned um
  sign            1   40[COMRAM] unsigned char 
  cntr            1   39[COMRAM] unsigned char 
  exp             1   35[COMRAM] unsigned char 
 Return value:  Size  Location     Type
                  3   26[COMRAM] float 
 Registers used:
		wreg, status,2, status,0, cstack
 Tracked objects:
		On entry : 
		On exit  : 
		Unchanged: 
 Data sizes:     COMRAM   BANK0   BANK1   BANK2   BANK3   BANK4   BANK5   BANK6   BANK7
      Params:         6       0       0       0       0       0       0       0       0
      Locals:         6       0       0       0       0       0       0       0       0
      Temps:          3       0       0       0       0       0       0       0       0
      Totals:        15       0       0       0       0       0       0       0       0
Total ram usage:       15 bytes
 Hardware stack levels used:    1
 Hardware stack levels required when called:    2
 This function calls:
		___ftpack
 This function is called by:
		_rampa
		_sen
		_pow
		_exp
		_log
		_eval_poly
 This function uses a non-reentrant model


 *************** function ___ftsub *****************
 Defined at:
		line 20 in file "C:\Program Files (x86)\Microchip\xc8\v1.36\sources\common\ftsub.c"
 Parameters:    Size  Location     Type
  f1              3   53[COMRAM] float 
  f2              3   56[COMRAM] float 
 Auto vars:     Size  Location     Type
		None
 Return value:  Size  Location     Type
                  3   53[COMRAM] float 
 Registers used:
		wreg, status,2, status,0, cstack
 Tracked objects:
		On entry : 
		On exit  : 
		Unchanged: 
 Data sizes:     COMRAM   BANK0   BANK1   BANK2   BANK3   BANK4   BANK5   BANK6   BANK7
      Params:         6       0       0       0       0       0       0       0       0
      Locals:         0       0       0       0       0       0       0       0       0
      Temps:          0       0       0       0       0       0       0       0       0
      Totals:         6       0       0       0       0       0       0       0       0
Total ram usage:        6 bytes
 Hardware stack levels used:    1
 Hardware stack levels required when called:    3
 This function calls:
		___ftadd
 This function is called by:
		_exp
 This function uses a non-reentrant model


 *************** function ___ftadd *****************
 Defined at:
		line 86 in file "C:\Program Files (x86)\Microchip\xc8\v1.36\sources\common\ftadd.c"
 Parameters:    Size  Location     Type
  f1              3   41[COMRAM] float 
  f2              3   44[COMRAM] float 
 Auto vars:     Size  Location     Type
  exp1            1   52[COMRAM] unsigned char 
  exp2            1   51[COMRAM] unsigned char 
  sign            1   50[COMRAM] unsigned char 
 Return value:  Size  Location     Type
                  3   41[COMRAM] float 
 Registers used:
		wreg, status,2, status,0, cstack
 Tracked objects:
		On entry : 
		On exit  : 
		Unchanged: 
 Data sizes:     COMRAM   BANK0   BANK1   BANK2   BANK3   BANK4   BANK5   BANK6   BANK7
      Params:         6       0       0       0       0       0       0       0       0
      Locals:         3       0       0       0       0       0       0       0       0
      Temps:          3       0       0       0       0       0       0       0       0
      Totals:        12       0       0       0       0       0       0       0       0
Total ram usage:       12 bytes
 Hardware stack levels used:    1
 Hardware stack levels required when called:    2
 This function calls:
		___ftpack
 This function is called by:
		___ftsub
		_floor
		_log
		_eval_poly
 This function uses a non-reentrant model


 *************** function ___ftneg *****************
 Defined at:
		line 15 in file "C:\Program Files (x86)\Microchip\xc8\v1.36\sources\common\ftneg.c"
 Parameters:    Size  Location     Type
  f1              3   14[COMRAM] float 
 Auto vars:     Size  Location     Type
		None
 Return value:  Size  Location     Type
                  3   14[COMRAM] float 
 Registers used:
		wreg, status,2, status,0
 Tracked objects:
		On entry : 
		On exit  : 
		Unchanged: 
 Data sizes:     COMRAM   BANK0   BANK1   BANK2   BANK3   BANK4   BANK5   BANK6   BANK7
      Params:         3       0       0       0       0       0       0       0       0
      Locals:         0       0       0       0       0       0       0       0       0
      Temps:          0       0       0       0       0       0       0       0       0
      Totals:         3       0       0       0       0       0       0       0       0
Total ram usage:        3 bytes
 Hardware stack levels used:    1
 Hardware stack levels required when called:    1
 This function calls:
		Nothing
 This function is called by:
		_pow
		_exp
 This function uses a non-reentrant model


 *************** function ___ftdiv *****************
 Defined at:
		line 54 in file "C:\Program Files (x86)\Microchip\xc8\v1.36\sources\common\ftdiv.c"
 Parameters:    Size  Location     Type
  f1              3   26[COMRAM] float 
  f2              3   29[COMRAM] float 
 Auto vars:     Size  Location     Type
  f3              3   36[COMRAM] float 
  sign            1   40[COMRAM] unsigned char 
  exp             1   39[COMRAM] unsigned char 
  cntr            1   35[COMRAM] unsigned char 
 Return value:  Size  Location     Type
                  3   26[COMRAM] float 
 Registers used:
		wreg, status,2, status,0, cstack
 Tracked objects:
		On entry : 
		On exit  : 
		Unchanged: 
 Data sizes:     COMRAM   BANK0   BANK1   BANK2   BANK3   BANK4   BANK5   BANK6   BANK7
      Params:         6       0       0       0       0       0       0       0       0
      Locals:         6       0       0       0       0       0       0       0       0
      Temps:          3       0       0       0       0       0       0       0       0
      Totals:        15       0       0       0       0       0       0       0       0
Total ram usage:       15 bytes
 Hardware stack levels used:    1
 Hardware stack levels required when called:    2
 This function calls:
		___ftpack
 This function is called by:
		_cuadrada
		_exp
 This function uses a non-reentrant model


 *************** function ___awtoft *****************
 Defined at:
		line 32 in file "C:\Program Files (x86)\Microchip\xc8\v1.36\sources\common\awtoft.c"
 Parameters:    Size  Location     Type
  c               2   22[COMRAM] int 
 Auto vars:     Size  Location     Type
  sign            1   25[COMRAM] unsigned char 
 Return value:  Size  Location     Type
                  3   22[COMRAM] float 
 Registers used:
		wreg, status,2, status,0, cstack
 Tracked objects:
		On entry : 
		On exit  : 
		Unchanged: 
 Data sizes:     COMRAM   BANK0   BANK1   BANK2   BANK3   BANK4   BANK5   BANK6   BANK7
      Params:         3       0       0       0       0       0       0       0       0
      Locals:         1       0       0       0       0       0       0       0       0
      Temps:          0       0       0       0       0       0       0       0       0
      Totals:         4       0       0       0       0       0       0       0       0
Total ram usage:        4 bytes
 Hardware stack levels used:    1
 Hardware stack levels required when called:    2
 This function calls:
		___ftpack
 This function is called by:
		_rampa
		_cuadrada
		_sen
		_exp
		_log
 This function uses a non-reentrant model


 *************** function ___lltoft *****************
 Defined at:
		line 35 in file "C:\Program Files (x86)\Microchip\xc8\v1.36\sources\common\lltoft.c"
 Parameters:    Size  Location     Type
  c               4   22[COMRAM] unsigned long 
 Auto vars:     Size  Location     Type
  exp             1   30[COMRAM] unsigned char 
 Return value:  Size  Location     Type
                  3   22[COMRAM] float 
 Registers used:
		wreg, status,2, status,0, cstack
 Tracked objects:
		On entry : 
		On exit  : 
		Unchanged: 
 Data sizes:     COMRAM   BANK0   BANK1   BANK2   BANK3   BANK4   BANK5   BANK6   BANK7
      Params:         4       0       0       0       0       0       0       0       0
      Locals:         1       0       0       0       0       0       0       0       0
      Temps:          4       0       0       0       0       0       0       0       0
      Totals:         9       0       0       0       0       0       0       0       0
Total ram usage:        9 bytes
 Hardware stack levels used:    1
 Hardware stack levels required when called:    2
 This function calls:
		___ftpack
 This function is called by:
		_pow
 This function uses a non-reentrant model


 *************** function ___ftpack *****************
 Defined at:
		line 62 in file "C:\Program Files (x86)\Microchip\xc8\v1.36\sources\common\float.c"
 Parameters:    Size  Location     Type
  arg             3   14[COMRAM] unsigned um
  exp             1   17[COMRAM] unsigned char 
  sign            1   18[COMRAM] unsigned char 
 Auto vars:     Size  Location     Type
		None
 Return value:  Size  Location     Type
                  3   14[COMRAM] float 
 Registers used:
		wreg, status,2, status,0
 Tracked objects:
		On entry : 
		On exit  : 
		Unchanged: 
 Data sizes:     COMRAM   BANK0   BANK1   BANK2   BANK3   BANK4   BANK5   BANK6   BANK7
      Params:         5       0       0       0       0       0       0       0       0
      Locals:         0       0       0       0       0       0       0       0       0
      Temps:          3       0       0       0       0       0       0       0       0
      Totals:         8       0       0       0       0       0       0       0       0
Total ram usage:        8 bytes
 Hardware stack levels used:    1
 Hardware stack levels required when called:    1
 This function calls:
		Nothing
 This function is called by:
		___altoft
		___awtoft
		___ftadd
		___ftdiv
		___ftmul
		___lltoft
 This function uses a non-reentrant model


 *************** function _Delay1KTCYx *****************
 Defined at:
		line 8 in file "C:\Program Files (x86)\Microchip\xc8\v1.36\sources\pic18\d1ktcyx.c"
 Parameters:    Size  Location     Type
  unit            1    wreg     unsigned char 
 Auto vars:     Size  Location     Type
  unit            1   14[COMRAM] unsigned char 
 Return value:  Size  Location     Type
                  1    wreg      void 
 Registers used:
		wreg
 Tracked objects:
		On entry : 
		On exit  : 
		Unchanged: 
 Data sizes:     COMRAM   BANK0   BANK1   BANK2   BANK3   BANK4   BANK5   BANK6   BANK7
      Params:         0       0       0       0       0       0       0       0       0
      Locals:         1       0       0       0       0       0       0       0       0
      Temps:          0       0       0       0       0       0       0       0       0
      Totals:         1       0       0       0       0       0       0       0       0
Total ram usage:        1 bytes
 Hardware stack levels used:    1
 Hardware stack levels required when called:    1
 This function calls:
		Nothing
 This function is called by:
		_cuadrada
 This function uses a non-reentrant model


 *************** function _Delay10TCYx *****************
 Defined at:
		line 8 in file "C:\Program Files (x86)\Microchip\xc8\v1.36\sources\pic18\d10tcyx.c"
 Parameters:    Size  Location     Type
  unit            1    wreg     unsigned char 
 Auto vars:     Size  Location     Type
  unit            1   14[COMRAM] unsigned char 
 Return value:  Size  Location     Type
                  1    wreg      void 
 Registers used:
		wreg
 Tracked objects:
		On entry : 
		On exit  : 
		Unchanged: 
 Data sizes:     COMRAM   BANK0   BANK1   BANK2   BANK3   BANK4   BANK5   BANK6   BANK7
      Params:         0       0       0       0       0       0       0       0       0
      Locals:         1       0       0       0       0       0       0       0       0
      Temps:          0       0       0       0       0       0       0       0       0
      Totals:         1       0       0       0       0       0       0       0       0
Total ram usage:        1 bytes
 Hardware stack levels used:    1
 Hardware stack levels required when called:    1
 This function calls:
		Nothing
 This function is called by:
		_rampa
		_cuadrada
		_sen
 This function uses a non-reentrant model


 *************** function _Delay100TCYx *****************
 Defined at:
		line 8 in file "C:\Program Files (x86)\Microchip\xc8\v1.36\sources\pic18\d100tcyx.c"
 Parameters:    Size  Location     Type
  unit            1    wreg     unsigned char 
 Auto vars:     Size  Location     Type
  unit            1   14[COMRAM] unsigned char 
 Return value:  Size  Location     Type
                  1    wreg      void 
 Registers used:
		wreg
 Tracked objects:
		On entry : 
		On exit  : 
		Unchanged: 
 Data sizes:     COMRAM   BANK0   BANK1   BANK2   BANK3   BANK4   BANK5   BANK6   BANK7
      Params:         0       0       0       0       0       0       0       0       0
      Locals:         1       0       0       0       0       0       0       0       0
      Temps:          0       0       0       0       0       0       0       0       0
      Totals:         1       0       0       0       0       0       0       0       0
Total ram usage:        1 bytes
 Hardware stack levels used:    1
 Hardware stack levels required when called:    1
 This function calls:
		Nothing
 This function is called by:
		_cuadrada
		_sen
 This function uses a non-reentrant model


 *************** function _ISR *****************
 Defined at:
		line 24 in file "LAB4.c"
 Parameters:    Size  Location     Type
		None
 Auto vars:     Size  Location     Type
		None
 Return value:  Size  Location     Type
                  1    wreg      void 
 Registers used:
		wreg, status,2, status,0
 Tracked objects:
		On entry : 
		On exit  : 
		Unchanged: 
 Data sizes:     COMRAM   BANK0   BANK1   BANK2   BANK3   BANK4   BANK5   BANK6   BANK7
      Params:         0       0       0       0       0       0       0       0       0
      Locals:         0       0       0       0       0       0       0       0       0
      Temps:         14       0       0       0       0       0       0       0       0
      Totals:        14       0       0       0       0       0       0       0       0
Total ram usage:       14 bytes
 Hardware stack levels used:    1
 This function calls:
		Nothing
 This function is called by:
		Interrupt level 2
 This function uses a non-reentrant model



MODULE INFORMATION

Module		Function		Class		Link	Load	Size
C:\Program Files (x86)\Microchip\xc8\v1.36\sources\common\awtoft.c
		___awtoft      		CODE           	2CD0	0000	57

C:\Program Files (x86)\Microchip\xc8\v1.36\sources\common\awtoft.c estimated size: 57

C:\Program Files (x86)\Microchip\xc8\v1.36\sources\common\altoft.c
		___altoft      		CODE           	2AAA	0000	121

C:\Program Files (x86)\Microchip\xc8\v1.36\sources\common\altoft.c estimated size: 121

C:\Program Files (x86)\Microchip\xc8\v1.36\sources\common\pow.c
		_pow           		CODE           	1E86	0000	419

C:\Program Files (x86)\Microchip\xc8\v1.36\sources\common\pow.c estimated size: 419

C:\Program Files (x86)\Microchip\xc8\v1.36\sources\common\ftge.c
		___ftge        		CODE           	2996	0000	145

C:\Program Files (x86)\Microchip\xc8\v1.36\sources\common\ftge.c estimated size: 145

C:\Program Files (x86)\Microchip\xc8\v1.36\sources\common\fttol.c
		___fttol       		CODE           	23C6	0000	245

C:\Program Files (x86)\Microchip\xc8\v1.36\sources\common\fttol.c estimated size: 245

LAB4.c
		_ingresar_frecuencia		CODE           	1AD8	0000	515
		_ISR           		CODE           	0008	0000	361
		_cuadrada      		CODE           	1216	0000	915
		_sen           		CODE           	0DD6	0000	1089
		_main          		CODE           	08E2	0000	1269
		_rampa         		CODE           	15A8	0000	797

LAB4.c estimated size: 4946

C:\Program Files (x86)\Microchip\xc8\v1.36\sources\pic18\d10tcyx.c
		_Delay10TCYx   		CODE           	2DF0	0000	17

C:\Program Files (x86)\Microchip\xc8\v1.36\sources\pic18\d10tcyx.c estimated size: 17

C:\Program Files (x86)\Microchip\xc8\v1.36\sources\common\awdiv.c
		___awdiv       		CODE           	2A26	0000	133

C:\Program Files (x86)\Microchip\xc8\v1.36\sources\common\awdiv.c estimated size: 133

C:\Program Files (x86)\Microchip\xc8\v1.36\sources\common\ftadd.c
		___ftadd       		CODE           	1CDA	0000	429

C:\Program Files (x86)\Microchip\xc8\v1.36\sources\common\ftadd.c estimated size: 429

C:\Program Files (x86)\Microchip\xc8\v1.36\sources\common\lltoft.c
		___lltoft      		CODE           	2B22	0000	93

C:\Program Files (x86)\Microchip\xc8\v1.36\sources\common\lltoft.c estimated size: 93

C:\Program Files (x86)\Microchip\xc8\v1.36\sources\common\ftneg.c
		___ftneg       		CODE           	2D7E	0000	37

C:\Program Files (x86)\Microchip\xc8\v1.36\sources\common\ftneg.c estimated size: 37

C:\Program Files (x86)\Microchip\xc8\v1.36\sources\common\ftsub.c
		___ftsub       		CODE           	2C20	0000	65

C:\Program Files (x86)\Microchip\xc8\v1.36\sources\common\ftsub.c estimated size: 65

C:\Program Files (x86)\Microchip\xc8\v1.36\sources\common\float.c
		___ftpack      		CODE           	2858	0000	175

C:\Program Files (x86)\Microchip\xc8\v1.36\sources\common\float.c estimated size: 175

C:\Program Files (x86)\Microchip\xc8\v1.36\sources\common\Umul16.c
		___wmul        		CODE           	2D58	0000	39

C:\Program Files (x86)\Microchip\xc8\v1.36\sources\common\Umul16.c estimated size: 39

shared
		exp@coeff      		SMALLCONST     	0801	0000	31
		__initialization		CODE           	2B7E	0000	77
		log@coeff      		SMALLCONST     	081F	0000	28

shared estimated size: 136

C:\Program Files (x86)\Microchip\xc8\v1.36\sources\pic18\d1tcyx.c
		_Delay1TCYx    		CODE           	2E10	0000	11

C:\Program Files (x86)\Microchip\xc8\v1.36\sources\pic18\d1tcyx.c estimated size: 11

C:\Program Files (x86)\Microchip\xc8\v1.36\sources\common\exp.c
		_exp           		CODE           	18C4	0000	533

C:\Program Files (x86)\Microchip\xc8\v1.36\sources\common\exp.c estimated size: 533

C:\Program Files (x86)\Microchip\xc8\v1.36\sources\common\evalpoly.c
		_eval_poly     		CODE           	2786	0000	211

C:\Program Files (x86)\Microchip\xc8\v1.36\sources\common\evalpoly.c estimated size: 211

C:\Program Files (x86)\Microchip\xc8\v1.36\sources\pic18\d100tcyx.c
		_Delay100TCYx  		CODE           	2E00	0000	17

C:\Program Files (x86)\Microchip\xc8\v1.36\sources\pic18\d100tcyx.c estimated size: 17

C:\Program Files (x86)\Microchip\xc8\v1.36\sources\common\frexp.c
		_ldexp         		CODE           	22B2	0000	277
		_frexp         		CODE           	2906	0000	145

C:\Program Files (x86)\Microchip\xc8\v1.36\sources\common\frexp.c estimated size: 422

C:\Program Files (x86)\Microchip\xc8\v1.36\sources\pic18\d1ktcyx.c
		_Delay1KTCYx   		CODE           	2DE0	0000	17

C:\Program Files (x86)\Microchip\xc8\v1.36\sources\pic18\d1ktcyx.c estimated size: 17

C:\Program Files (x86)\Microchip\xc8\v1.36\sources\common\floor.c
		_floor         		CODE           	25AE	0000	243

C:\Program Files (x86)\Microchip\xc8\v1.36\sources\common\floor.c estimated size: 243

C:\Program Files (x86)\Microchip\xc8\v1.36\sources\common\ftmul.c
		___ftmul       		CODE           	24BA	0000	245

C:\Program Files (x86)\Microchip\xc8\v1.36\sources\common\ftmul.c estimated size: 245

C:\Program Files (x86)\Microchip\xc8\v1.36\sources\common\ftdiv.c
		___ftdiv       		CODE           	26A0	0000	231

C:\Program Files (x86)\Microchip\xc8\v1.36\sources\common\ftdiv.c estimated size: 231

C:\Program Files (x86)\Microchip\xc8\v1.36\sources\common\log.c
		_log           		CODE           	2182	0000	305

C:\Program Files (x86)\Microchip\xc8\v1.36\sources\common\log.c estimated size: 305

LCD.c
		_lcd_time_control		CODE           	2D32	0000	39
		_lcd_dato      		CODE           	2DC2	0000	31
		_lcd_goto      		CODE           	2C98	0000	57
		_lcd_print     		CODE           	2D08	0000	43
		_lcd_control   		CODE           	2DA2	0000	33
		_lcd_clear_display		CODE           	2E1A	0000	9
		_lcd_init      		CODE           	2C60	0000	57

LCD.c estimated size: 269

